// Jest Snapshot v1, https://goo.gl/fbAQLP

exports[`Card when there are items renders the items expected 1`] = `
<a
  className="jsx-3325034044"
  href="url"
  rel="nofollow"
  target="blank"
>
  <div
    className="lazyload-placeholder"
    style={
      Object {
        "height": 250,
      }
    }
  />
  <ul
    className="jsx-3325034044"
  >
    <li
      className="jsx-3325034044"
    >
      <strong
        className="jsx-3325034044"
      >
        price
         
      </strong>
    </li>
    <li
      className="jsx-3325034044"
    >
      description
    </li>
    <li
      className="jsx-3325034044 address"
    >
      address
    </li>
  </ul>
</a>
`;
